 makestrs

 Timestamp is 6a89cb87 (Sat Aug 22 17:17:11 2026)

 Preferred load address is 0000000140000000

 Start         Length     Name                   Class
 0001:00000000 00000220H .text                   CODE
 0001:00000220 000025c4H .text$mn                CODE
 0001:000027e4 00000064H .text$x                 CODE
 0002:00000000 000001f0H .idata$5                DATA
 0002:000001f0 00000020H .00cfg                  DATA
 0002:00000210 00000008H .CRT$XCA                DATA
 0002:00000218 00000008H .CRT$XCAA               DATA
 0002:00000220 00000008H .CRT$XCZ                DATA
 0002:00000228 00000008H .CRT$XIA                DATA
 0002:00000230 00000008H .CRT$XIAA               DATA
 0002:00000238 00000008H .CRT$XIAC               DATA
 0002:00000240 00000008H .CRT$XIZ                DATA
 0002:00000248 00000008H .CRT$XPA                DATA
 0002:00000250 00000008H .CRT$XPZ                DATA
 0002:00000258 00000008H .CRT$XTA                DATA
 0002:00000260 00000010H .CRT$XTZ                DATA
 0002:00000268 00000000H .gehcont$y              DATA
 0002:00000268 00000000H .gfids$y                DATA
 0002:00000270 00000790H .rdata                  DATA
 0002:00000a00 00000000H .rdata$CastGuardVftablesA DATA
 0002:00000a00 00000000H .rdata$CastGuardVftablesC DATA
 0002:00000a00 00000240H .rdata$zzzdbg           DATA
 0002:00000c40 00000008H .rtc$IAA                DATA
 0002:00000c48 00000008H .rtc$IZZ                DATA
 0002:00000c50 00000008H .rtc$TAA                DATA
 0002:00000c58 00000008H .rtc$TZZ                DATA
 0002:00000c60 00000360H .xdata                  DATA
 0002:00000fc0 00000000H .edata                  DATA
 0002:00000fc0 000000a0H .idata$2                DATA
 0002:00001060 00000018H .idata$3                DATA
 0002:00001078 000001f0H .idata$4                DATA
 0002:00001268 00000492H .idata$6                DATA
 0003:00000000 00000060H .data                   DATA
 0003:00000060 000000e8H .bss                    DATA
 0004:00000000 00000230H .pdata                  DATA

  Address         Publics by Value              Rva+Base               Lib:Object

 0000:00000000       __AbsoluteZero             0000000000000000     <absolute>
 0000:00000000       ___safe_se_handler_count   0000000000000000     <absolute>
 0000:00000000       ___safe_se_handler_table   0000000000000000     <absolute>
 0000:00000000       __arm64x_extra_rfe_table   0000000000000000     <absolute>
 0000:00000000       __arm64x_extra_rfe_table_size 0000000000000000     <absolute>
 0000:00000000       __arm64x_native_entrypoint 0000000000000000     <absolute>
 0000:00000000       __arm64x_redirection_metadata 0000000000000000     <absolute>
 0000:00000000       __arm64x_redirection_metadata_count 0000000000000000     <absolute>
 0000:00000000       __dynamic_value_reloc_table 0000000000000000     <absolute>
 0000:00000000       __enclave_config           0000000000000000     <absolute>
 0000:00000000       __guard_check_icall_a64n_fptr 0000000000000000     <absolute>
 0000:00000000       __guard_eh_cont_count      0000000000000000     <absolute>
 0000:00000000       __guard_eh_cont_table      0000000000000000     <absolute>
 0000:00000000       __guard_fids_count         0000000000000000     <absolute>
 0000:00000000       __guard_fids_table         0000000000000000     <absolute>
 0000:00000000       __guard_iat_count          0000000000000000     <absolute>
 0000:00000000       __guard_iat_table          0000000000000000     <absolute>
 0000:00000000       __guard_longjmp_count      0000000000000000     <absolute>
 0000:00000000       __guard_longjmp_table      0000000000000000     <absolute>
 0000:00000000       __hybrid_auxiliary_delayload_iat 0000000000000000     <absolute>
 0000:00000000       __hybrid_auxiliary_delayload_iat_copy 0000000000000000     <absolute>
 0000:00000000       __hybrid_auxiliary_iat     0000000000000000     <absolute>
 0000:00000000       __hybrid_auxiliary_iat_copy 0000000000000000     <absolute>
 0000:00000000       __hybrid_code_map          0000000000000000     <absolute>
 0000:00000000       __hybrid_code_map_count    0000000000000000     <absolute>
 0000:00000000       __hybrid_image_info_bitfield 0000000000000000     <absolute>
 0000:00000000       __volatile_metadata        0000000000000000     <absolute>
 0000:00000000       __x64_code_ranges_to_entry_points 0000000000000000     <absolute>
 0000:00000000       __x64_code_ranges_to_entry_points_count 0000000000000000     <absolute>
 0000:00000100       __guard_flags              0000000000000100     <absolute>
 0000:00000000       __ImageBase                0000000140000000     <linker-defined>
 0001:00000000       __security_check_cookie    0000000140001000 f   MSVCRT:arm64secgs.obj
 0001:00000018       __gsfailure                0000000140001018 f   MSVCRT:arm64secgs.obj
 0001:00000050       _InterlockedCompareExchange64 0000000140001050 f   MSVCRT:atomics.obj
 0001:00000050       _InterlockedCompareExchange64_Function 0000000140001050 f   MSVCRT:atomics.obj
 0001:00000050       _InterlockedCompareExchangePointer 0000000140001050 f   MSVCRT:atomics.obj
 0001:00000090       _InterlockedExchange64     0000000140001090 f   MSVCRT:atomics.obj
 0001:00000090       _InterlockedExchange64_Function 0000000140001090 f   MSVCRT:atomics.obj
 0001:00000090       _InterlockedExchangePointer 0000000140001090 f   MSVCRT:atomics.obj
 0001:000000d0       _InterlockedDetectSupportEH 00000001400010d0 f   MSVCRT:atomics.obj
 0001:00000120       _InterlockedDetectSupport  0000000140001120 f   MSVCRT:atomics.obj
 0001:00000170       _guard_dispatch_icall_nop  0000000140001170 f   MSVCRT:guard_dispatch.obj
 0001:00000180       __chkstk                   0000000140001180 f   MSVCRT:chkstk.obj
 0001:00000180       _alloca_probe              0000000140001180 f   MSVCRT:chkstk.obj
 0001:000001b0       __security_push_cookie     00000001400011b0 f   MSVCRT:secpushpop.obj
 0001:000001d0       __security_pop_cookie      00000001400011d0 f   MSVCRT:secpushpop.obj
 0001:00000200       __ppgsfailure              0000000140001200 f   MSVCRT:secpushpop.obj
 0001:00000220       __local_stdio_printf_options 0000000140001220 f i makestrs.obj
 0001:00000230       fprintf                    0000000140001230 f i makestrs.obj
 0001:00000280       printf                     0000000140001280 f i makestrs.obj
 0001:000002f0       sprintf                    00000001400012f0 f i makestrs.obj
 0001:00000350       snprintf                   0000000140001350 f i makestrs.obj
 0001:00000fa0       main                       0000000140001fa0 f   makestrs.obj
 0001:00001b58       __report_gsfailure         0000000140002b58 f   MSVCRT:gs_report.obj
 0001:00001b68       __report_rangecheckfailure 0000000140002b68 f   MSVCRT:gs_report.obj
 0001:00001e18       mainCRTStartup             0000000140002e18 f   MSVCRT:exe_main.obj
 0001:00001e38       __scrt_acquire_startup_lock 0000000140002e38 f   MSVCRT:utility.obj
 0001:00001ec0       __scrt_initialize_crt      0000000140002ec0 f   MSVCRT:utility.obj
 0001:00001f18       __scrt_initialize_onexit_tables 0000000140002f18 f   MSVCRT:utility.obj
 0001:00001fd0       __scrt_is_nonwritable_in_current_image 0000000140002fd0 f   MSVCRT:utility.obj
 0001:000020a0       __scrt_release_startup_lock 00000001400030a0 f   MSVCRT:utility.obj
 0001:000020e8       __scrt_uninitialize_crt    00000001400030e8 f   MSVCRT:utility.obj
 0001:00002130       atexit                     0000000140003130 f   MSVCRT:utility.obj
 0001:00002188       __security_init_cookie     0000000140003188 f   MSVCRT:gs_support.obj
 0001:00002270       __scrt_exe_initialize_mta  0000000140003270 f   MSVCRT:utility_desktop.obj
 0001:00002270       __scrt_initialize_winrt    0000000140003270 f   MSVCRT:utility_desktop.obj
 0001:00002270       __scrt_stub_for_initialize_mta 0000000140003270 f   MSVCRT:utility_desktop.obj
 0001:00002270       _get_startup_commit_mode   0000000140003270 f   MSVCRT:commit_mode.obj
 0001:00002270       _get_startup_new_mode      0000000140003270 f   MSVCRT:new_mode.obj
 0001:00002270       _get_startup_thread_locale_mode 0000000140003270 f   MSVCRT:thread_locale.obj
 0001:00002270       _matherr                   0000000140003270 f   MSVCRT:matherr.obj
 0001:00002278       __acrt_initialize          0000000140003278 f   MSVCRT:ucrt_stubs.obj
 0001:00002278       __acrt_uninitialize        0000000140003278 f   MSVCRT:ucrt_stubs.obj
 0001:00002278       __scrt_stub_for_acrt_initialize 0000000140003278 f   MSVCRT:ucrt_stubs.obj
 0001:00002278       __scrt_stub_for_acrt_uninitialize 0000000140003278 f   MSVCRT:ucrt_stubs.obj
 0001:00002278       __vcrt_initialize          0000000140003278 f   MSVCRT:ucrt_stubs.obj
 0001:00002278       __vcrt_uninitialize        0000000140003278 f   MSVCRT:ucrt_stubs.obj
 0001:00002278       _get_startup_argv_mode     0000000140003278 f   MSVCRT:argv_mode.obj
 0001:00002278       _should_initialize_environment 0000000140003278 f   MSVCRT:env_mode.obj
 0001:00002280       _get_startup_file_mode     0000000140003280 f   MSVCRT:file_mode.obj
 0001:00002288       ?__scrt_initialize_type_info@@YAXXZ 0000000140003288 f   MSVCRT:tncleanup.obj
 0001:000022a0       _guard_check_icall_nop     00000001400032a0 f   MSVCRT:guard_support.obj
 0001:000022a0       _initialize_denormal_control 00000001400032a0 f   MSVCRT:denormal_control.obj
 0001:000022a0       _initialize_invalid_parameter_handler 00000001400032a0 f   MSVCRT:invalid_parameter_handler.obj
 0001:000022a8       __local_stdio_scanf_options 00000001400032a8 f i MSVCRT:default_local_stdio_options.obj
 0001:000022b8       __scrt_initialize_default_local_stdio_options 00000001400032b8 f   MSVCRT:default_local_stdio_options.obj
 0001:000022f8       __scrt_is_user_matherr_present 00000001400032f8 f   MSVCRT:matherr_detection.obj
 0001:00002310       __scrt_get_dyn_tls_init_callback 0000000140003310 f   MSVCRT:dyn_tls_init.obj
 0001:00002320       __scrt_get_dyn_tls_dtor_callback 0000000140003320 f   MSVCRT:dyn_tls_dtor.obj
 0001:00002330       __scrt_fastfail            0000000140003330 f   MSVCRT:utility_desktop.obj
 0001:00002338       __scrt_initialize_mta      0000000140003338 f   MSVCRT:utility_desktop.obj
 0001:00002340       __scrt_is_managed_app      0000000140003340 f   MSVCRT:utility_desktop.obj
 0001:000023c8       __scrt_set_unhandled_exception_filter 00000001400033c8 f   MSVCRT:utility_desktop.obj
 0001:000023e0       __scrt_unhandled_exception_filter 00000001400033e0 f   MSVCRT:utility_desktop.obj
 0001:00002470       _RTC_Initialize            0000000140003470 f   MSVCRT:initsect.obj
 0001:000024d8       _RTC_Terminate             00000001400034d8 f   MSVCRT:initsect.obj
 0001:00002540       __isa_available_init       0000000140003540 f   MSVCRT:cpu_disp.obj
 0001:00002610       __scrt_is_ucrt_dll_in_use  0000000140003610 f   MSVCRT:ucrt_detection.obj
 0001:00002624       __C_specific_handler       0000000140003624 f   vcruntime:VCRUNTIME140.dll
 0001:00002630       __current_exception        0000000140003630 f   vcruntime:VCRUNTIME140.dll
 0001:0000263c       __current_exception_context 000000014000363c f   vcruntime:VCRUNTIME140.dll
 0001:00002648       exit                       0000000140003648 f   ucrt:api-ms-win-crt-runtime-l1-1-0.dll
 0001:00002654       _seh_filter_exe            0000000140003654 f   ucrt:api-ms-win-crt-runtime-l1-1-0.dll
 0001:00002660       _set_app_type              0000000140003660 f   ucrt:api-ms-win-crt-runtime-l1-1-0.dll
 0001:0000266c       __setusermatherr           000000014000366c f   ucrt:api-ms-win-crt-math-l1-1-0.dll
 0001:00002678       _configure_narrow_argv     0000000140003678 f   ucrt:api-ms-win-crt-runtime-l1-1-0.dll
 0001:00002684       _initialize_narrow_environment 0000000140003684 f   ucrt:api-ms-win-crt-runtime-l1-1-0.dll
 0001:00002690       _get_initial_narrow_environment 0000000140003690 f   ucrt:api-ms-win-crt-runtime-l1-1-0.dll
 0001:0000269c       _initterm                  000000014000369c f   ucrt:api-ms-win-crt-runtime-l1-1-0.dll
 0001:000026a8       _initterm_e                00000001400036a8 f   ucrt:api-ms-win-crt-runtime-l1-1-0.dll
 0001:000026b4       _exit                      00000001400036b4 f   ucrt:api-ms-win-crt-runtime-l1-1-0.dll
 0001:000026c0       _set_fmode                 00000001400036c0 f   ucrt:api-ms-win-crt-stdio-l1-1-0.dll
 0001:000026cc       __p___argc                 00000001400036cc f   ucrt:api-ms-win-crt-runtime-l1-1-0.dll
 0001:000026d8       __p___argv                 00000001400036d8 f   ucrt:api-ms-win-crt-runtime-l1-1-0.dll
 0001:000026e4       _cexit                     00000001400036e4 f   ucrt:api-ms-win-crt-runtime-l1-1-0.dll
 0001:000026f0       _c_exit                    00000001400036f0 f   ucrt:api-ms-win-crt-runtime-l1-1-0.dll
 0001:000026fc       _register_thread_local_exe_atexit_callback 00000001400036fc f   ucrt:api-ms-win-crt-runtime-l1-1-0.dll
 0001:00002708       _configthreadlocale        0000000140003708 f   ucrt:api-ms-win-crt-locale-l1-1-0.dll
 0001:00002714       _set_new_mode              0000000140003714 f   ucrt:api-ms-win-crt-heap-l1-1-0.dll
 0001:00002720       __p__commode               0000000140003720 f   ucrt:api-ms-win-crt-stdio-l1-1-0.dll
 0001:0000272c       _initialize_onexit_table   000000014000372c f   ucrt:api-ms-win-crt-runtime-l1-1-0.dll
 0001:00002738       _register_onexit_function  0000000140003738 f   ucrt:api-ms-win-crt-runtime-l1-1-0.dll
 0001:00002744       _crt_atexit                0000000140003744 f   ucrt:api-ms-win-crt-runtime-l1-1-0.dll
 0001:00002750       terminate                  0000000140003750 f   ucrt:api-ms-win-crt-runtime-l1-1-0.dll
 0001:00002760       __GSHandlerCheck           0000000140003760 f   MSVCRT:gshandler.obj
 0001:0000279c       strcmp                     000000014000379c f   ucrt:api-ms-win-crt-string-l1-1-0.dll
 0001:000027a8       strcpy                     00000001400037a8 f   ucrt:api-ms-win-crt-string-l1-1-0.dll
 0001:000027b4       strlen                     00000001400037b4 f   ucrt:api-ms-win-crt-string-l1-1-0.dll
 0001:000027c0       strncmp                    00000001400037c0 f   ucrt:api-ms-win-crt-string-l1-1-0.dll
 0001:000027cc       strncpy                    00000001400037cc f   ucrt:api-ms-win-crt-string-l1-1-0.dll
 0001:000027d8       memcpy                     00000001400037d8 f   vcruntime:VCRUNTIME140.dll
 0002:00000000       __imp_FreeLibrary          0000000140004000     kernel32:KERNEL32.dll
 0002:00000008       __imp_GetCurrentProcessId  0000000140004008     kernel32:KERNEL32.dll
 0002:00000010       __imp_GetCurrentThreadId   0000000140004010     kernel32:KERNEL32.dll
 0002:00000018       __imp_GetSystemTimeAsFileTime 0000000140004018     kernel32:KERNEL32.dll
 0002:00000020       __imp_InitializeSListHead  0000000140004020     kernel32:KERNEL32.dll
 0002:00000028       __imp_SetUnhandledExceptionFilter 0000000140004028     kernel32:KERNEL32.dll
 0002:00000030       __imp_LoadLibraryExW       0000000140004030     kernel32:KERNEL32.dll
 0002:00000038       __imp_GetProcAddress       0000000140004038     kernel32:KERNEL32.dll
 0002:00000040       __imp_QueryPerformanceCounter 0000000140004040     kernel32:KERNEL32.dll
 0002:00000048       __imp_GetModuleHandleW     0000000140004048     kernel32:KERNEL32.dll
 0002:00000050       \177KERNEL32_NULL_THUNK_DATA 0000000140004050     kernel32:KERNEL32.dll
 0002:00000058       __imp___current_exception  0000000140004058     vcruntime:VCRUNTIME140.dll
 0002:00000060       __imp___C_specific_handler 0000000140004060     vcruntime:VCRUNTIME140.dll
 0002:00000068       __imp_strchr               0000000140004068     vcruntime:VCRUNTIME140.dll
 0002:00000070       __imp___current_exception_context 0000000140004070     vcruntime:VCRUNTIME140.dll
 0002:00000078       __imp_memcpy               0000000140004078     vcruntime:VCRUNTIME140.dll
 0002:00000080       \177VCRUNTIME140_NULL_THUNK_DATA 0000000140004080     vcruntime:VCRUNTIME140.dll
 0002:00000088       __imp_free                 0000000140004088     ucrt:api-ms-win-crt-heap-l1-1-0.dll
 0002:00000090       __imp_calloc               0000000140004090     ucrt:api-ms-win-crt-heap-l1-1-0.dll
 0002:00000098       __imp__set_new_mode        0000000140004098     ucrt:api-ms-win-crt-heap-l1-1-0.dll
 0002:000000a0       __imp_malloc               00000001400040a0     ucrt:api-ms-win-crt-heap-l1-1-0.dll
 0002:000000a8       \177api-ms-win-crt-heap-l1-1-0_NULL_THUNK_DATA 00000001400040a8     ucrt:api-ms-win-crt-heap-l1-1-0.dll
 0002:000000b0       __imp__configthreadlocale  00000001400040b0     ucrt:api-ms-win-crt-locale-l1-1-0.dll
 0002:000000b8       \177api-ms-win-crt-locale-l1-1-0_NULL_THUNK_DATA 00000001400040b8     ucrt:api-ms-win-crt-locale-l1-1-0.dll
 0002:000000c0       __imp___setusermatherr     00000001400040c0     ucrt:api-ms-win-crt-math-l1-1-0.dll
 0002:000000c8       \177api-ms-win-crt-math-l1-1-0_NULL_THUNK_DATA 00000001400040c8     ucrt:api-ms-win-crt-math-l1-1-0.dll
 0002:000000d0       __imp___p___argc           00000001400040d0     ucrt:api-ms-win-crt-runtime-l1-1-0.dll
 0002:000000d8       __imp___p___argv           00000001400040d8     ucrt:api-ms-win-crt-runtime-l1-1-0.dll
 0002:000000e0       __imp__cexit               00000001400040e0     ucrt:api-ms-win-crt-runtime-l1-1-0.dll
 0002:000000e8       __imp__c_exit              00000001400040e8     ucrt:api-ms-win-crt-runtime-l1-1-0.dll
 0002:000000f0       __imp__register_thread_local_exe_atexit_callback 00000001400040f0     ucrt:api-ms-win-crt-runtime-l1-1-0.dll
 0002:000000f8       __imp__get_initial_narrow_environment 00000001400040f8     ucrt:api-ms-win-crt-runtime-l1-1-0.dll
 0002:00000100       __imp__initialize_narrow_environment 0000000140004100     ucrt:api-ms-win-crt-runtime-l1-1-0.dll
 0002:00000108       __imp_exit                 0000000140004108     ucrt:api-ms-win-crt-runtime-l1-1-0.dll
 0002:00000110       __imp__initterm            0000000140004110     ucrt:api-ms-win-crt-runtime-l1-1-0.dll
 0002:00000118       __imp__initialize_onexit_table 0000000140004118     ucrt:api-ms-win-crt-runtime-l1-1-0.dll
 0002:00000120       __imp__register_onexit_function 0000000140004120     ucrt:api-ms-win-crt-runtime-l1-1-0.dll
 0002:00000128       __imp__crt_atexit          0000000140004128     ucrt:api-ms-win-crt-runtime-l1-1-0.dll
 0002:00000130       __imp_terminate            0000000140004130     ucrt:api-ms-win-crt-runtime-l1-1-0.dll
 0002:00000138       __imp__configure_narrow_argv 0000000140004138     ucrt:api-ms-win-crt-runtime-l1-1-0.dll
 0002:00000140       __imp__exit                0000000140004140     ucrt:api-ms-win-crt-runtime-l1-1-0.dll
 0002:00000148       __imp__set_app_type        0000000140004148     ucrt:api-ms-win-crt-runtime-l1-1-0.dll
 0002:00000150       __imp__initterm_e          0000000140004150     ucrt:api-ms-win-crt-runtime-l1-1-0.dll
 0002:00000158       __imp__seh_filter_exe      0000000140004158     ucrt:api-ms-win-crt-runtime-l1-1-0.dll
 0002:00000160       \177api-ms-win-crt-runtime-l1-1-0_NULL_THUNK_DATA 0000000140004160     ucrt:api-ms-win-crt-runtime-l1-1-0.dll
 0002:00000168       __imp_fputs                0000000140004168     ucrt:api-ms-win-crt-stdio-l1-1-0.dll
 0002:00000170       __imp___stdio_common_vsprintf 0000000140004170     ucrt:api-ms-win-crt-stdio-l1-1-0.dll
 0002:00000178       __imp_fgets                0000000140004178     ucrt:api-ms-win-crt-stdio-l1-1-0.dll
 0002:00000180       __imp__set_fmode           0000000140004180     ucrt:api-ms-win-crt-stdio-l1-1-0.dll
 0002:00000188       __imp___p__commode         0000000140004188     ucrt:api-ms-win-crt-stdio-l1-1-0.dll
 0002:00000190       __imp_fclose               0000000140004190     ucrt:api-ms-win-crt-stdio-l1-1-0.dll
 0002:00000198       __imp___acrt_iob_func      0000000140004198     ucrt:api-ms-win-crt-stdio-l1-1-0.dll
 0002:000001a0       __imp_fopen                00000001400041a0     ucrt:api-ms-win-crt-stdio-l1-1-0.dll
 0002:000001a8       __imp___stdio_common_vfprintf 00000001400041a8     ucrt:api-ms-win-crt-stdio-l1-1-0.dll
 0002:000001b0       \177api-ms-win-crt-stdio-l1-1-0_NULL_THUNK_DATA 00000001400041b0     ucrt:api-ms-win-crt-stdio-l1-1-0.dll
 0002:000001b8       __imp_strcmp               00000001400041b8     ucrt:api-ms-win-crt-string-l1-1-0.dll
 0002:000001c0       __imp_strcpy               00000001400041c0     ucrt:api-ms-win-crt-string-l1-1-0.dll
 0002:000001c8       __imp_strlen               00000001400041c8     ucrt:api-ms-win-crt-string-l1-1-0.dll
 0002:000001d0       __imp_strncmp              00000001400041d0     ucrt:api-ms-win-crt-string-l1-1-0.dll
 0002:000001d8       __imp_strncpy              00000001400041d8     ucrt:api-ms-win-crt-string-l1-1-0.dll
 0002:000001e0       __imp__strdup              00000001400041e0     ucrt:api-ms-win-crt-string-l1-1-0.dll
 0002:000001e8       \177api-ms-win-crt-string-l1-1-0_NULL_THUNK_DATA 00000001400041e8     ucrt:api-ms-win-crt-string-l1-1-0.dll
 0002:000001f0       __guard_check_icall_fptr   00000001400041f0     MSVCRT:guard_support.obj
 0002:000001f8       __guard_dispatch_icall_fptr 00000001400041f8     MSVCRT:guard_support.obj
 0002:00000200       __castguard_check_failure_os_handled_fptr 0000000140004200     MSVCRT:guard_support.obj
 0002:00000208       __guard_memcpy_fptr        0000000140004208     vcruntime:softmemtag.obj
 0002:00000210       __xc_a                     0000000140004210     MSVCRT:initializers.obj
 0002:00000220       __xc_z                     0000000140004220     MSVCRT:initializers.obj
 0002:00000228       __xi_a                     0000000140004228     MSVCRT:initializers.obj
 0002:00000240       __xi_z                     0000000140004240     MSVCRT:initializers.obj
 0002:00000248       __xp_a                     0000000140004248     MSVCRT:initializers.obj
 0002:00000250       __xp_z                     0000000140004250     MSVCRT:initializers.obj
 0002:00000258       __xt_a                     0000000140004258     MSVCRT:initializers.obj
 0002:00000260       __xt_z                     0000000140004260     MSVCRT:initializers.obj
 0002:00000270       ??_C@_1EE@PKDKDPKJ@?$AAa?$AAp?$AAi?$AA?9?$AAm?$AAs?$AA?9?$AAw?$AAi?$AAn?$AA?9?$AAc?$AAo?$AAr?$AAe@ 0000000140004270     MSVCRT:cpu_disp.obj
 0002:000002b8       ??_C@_0BJ@DIBIJBHA@GetEnabledXStateFeatures@ 00000001400042b8     MSVCRT:cpu_disp.obj
 0002:000002d8       ??_C@_0BE@KINNKFDA@LocateXStateFeature@ 00000001400042d8     MSVCRT:cpu_disp.obj
 0002:000002ec       ??_C@_05GFOLEBJA@?$CFs?1?$CFs@ 00000001400042ec     makestrs.obj
 0002:000002f8       ??_C@_0L@CAHKBPJO@?$CDifdef?5?$CFs?6@ 00000001400042f8     makestrs.obj
 0002:00000304       ??_C@_05BNGNCIGF@RAtom@    0000000140004304     makestrs.obj
 0002:00000310       ??_C@_0CH@FNNOIGEH@?$CDifndef?5?$CFs?$CFs?6?$CDdefine?5?$CFs?$CFs?5?$CC?$CFs?$CC?6?$CD@ 0000000140004310     makestrs.obj
 0002:00000338       ??_C@_0BD@ONGCLIDI@?$CDdefine?5?$CFs?$CFs?5?$CC?$CFs?$CC?6@ 0000000140004338     makestrs.obj
 0002:0000034c       ??_C@_06FFEEOJBG@?$CDelse?6@ 000000014000434c     makestrs.obj
 0002:00000354       ??_C@_02DKCKIIND@?$CFs@    0000000140004354     makestrs.obj
 0002:00000358       ??_C@_0BH@IEFLAHN@?$CFs?5?$CFsConst?5char?5?$CFs?$FL?$FN?$DL?6@ 0000000140004358     makestrs.obj
 0002:00000370       ??_C@_0DF@JPNNEJMB@?$CDifndef?5?$CFs?$CFs?6?$CDdefine?5?$CFs?$CFs?5?$CI?$CIStri@ 0000000140004370     makestrs.obj
 0002:000003a8       ??_C@_0BB@HNOECOOL@?$CDendif?5?1?$CK?5?$CFs?5?$CK?1?6@ 00000001400043a8     makestrs.obj
 0002:000003c0       ??_C@_0BI@EMOMAAJL@?$CFs?5?$CFsConst?5char?$CK?5?$CFs?$CI?$CJ?$DL?6@ 00000001400043c0     makestrs.obj
 0002:000003d8       ??_C@_0CM@JBPBBOOG@?$CDifndef?5?$CFs?$CFs?6?$CDdefine?5?$CFs?$CFs?5?$CI?$CFs?$CI?$CFl@ 00000001400043d8     makestrs.obj
 0002:00000408       ??_C@_0CN@ECIIJDFI@?$CDifndef?5?$CFs?$CFs?6?$CFs?5?$CFsConst?5char?5?$CFs?$CF@ 0000000140004408     makestrs.obj
 0002:00000438       ??_C@_0BN@GHEEHNJG@?$DM?$DM?$DMSTRING_TABLE_GOES_HERE?$DO?$DO?$DO@ 0000000140004438     makestrs.obj
 0002:00000458       ??_C@_07MCAEODGB@Default@  0000000140004458     makestrs.obj
 0002:00000460       ??_C@_0BB@CAFLBPLG@Array?5per?5string@ 0000000140004460     makestrs.obj
 0002:00000474       ??_C@_05CDGBNGHP@Intel@    0000000140004474     makestrs.obj
 0002:00000480       ??_C@_08LKACPGEP@Intel?5BC@ 0000000140004480     makestrs.obj
 0002:0000048c       ??_C@_05GLPADCIO@SPARC@    000000014000448c     makestrs.obj
 0002:00000498       ??_C@_08PHKOHANG@Function@ 0000000140004498     makestrs.obj
 0002:000004a4       ??_C@_02CHHAKFFB@w?$CL@    00000001400044a4     makestrs.obj
 0002:000004a8       ??_C@_0CM@JCABKPGB@?1?$CK?5This?5file?5is?5automatically?5ge@ 00000001400044a8     makestrs.obj
 0002:000004e0       ??_C@_0EA@BMNMMJOL@?1?$CK?5$Xorg?3?5makestrs?4c?0v?51?46?52001?1@ 00000001400044e0     makestrs.obj
 0002:00000520       ??_C@_0CL@NNBPKJIH@?$CFs?6?$CFs?6?1?$CK?5?$CFs?5ABI?5version?5?9?9?5Do?5no@ 0000000140004520     makestrs.obj
 0002:00000550       ??_C@_0L@LEHAGCJL@?1?$CK?5?$CFs?5?$CK?1?6?6@ 0000000140004550     makestrs.obj
 0002:0000055c       ??_C@_02LCECEMAP@Xm@       000000014000455c     makestrs.obj
 0002:00000560       ??_C@_04HPOGJIGG@_?$CFs_@  0000000140004560     makestrs.obj
 0002:00000568       ??_C@_06KCGFHPNL@_?$CFs?$CFs_@ 0000000140004568     makestrs.obj
 0002:00000570       ??_C@_05HABFKIIA@?8?$CFc?8?0@ 0000000140004570     makestrs.obj
 0002:00000578       ??_C@_02HAOIJKIC@?$CFc@    0000000140004578     makestrs.obj
 0002:0000057c       ??_C@_01EEMJAFIK@?6@       000000014000457c     makestrs.obj
 0002:0000057e       ??_C@_00CNPNBAHC@@         000000014000457e     makestrs.obj
 0002:00000580       ??_C@_0BK@MGDDLGGH@?$CFs?5?$CFsConst?5char?5?$CFs?$FL?$FN?5?$DN?5?$HL?6@ 0000000140004580     makestrs.obj
 0002:0000059c       ??_C@_02GACFDCNG@?$HN?$DL@ 000000014000459c     makestrs.obj
 0002:000005a0       ??_C@_04LOAOMKLI@?$CFs?6?6@ 00000001400045a0     makestrs.obj
 0002:000005a8       ??_C@_0BP@ENGNKECI@static?5?$CFsConst?5char?5_?$CFs?$FL?$FN?5?$DN?5?$HL?6@ 00000001400045a8     makestrs.obj
 0002:000005d0       ??_C@_0EF@OAAAMFBF@?$CFsConst?5char?$CK?5?$CFs?$CIindex?$CJ?6?5?5?5?5int?5@ 00000001400045d0     makestrs.obj
 0002:00000618       ??_C@_0CA@DMEPMKNL@?$CFs?5?$CFsConst?5char?5?$CFs?$CFs?$FL?$FN?5?$DN?5?$CC?$CFs?$CC?$DL?6@ 0000000140004618     makestrs.obj
 0002:00000638       ??_C@_01KDCPPGHE@r@        0000000140004638     makestrs.obj
 0002:00000640       ??_C@_0CB@KFHFBCHN@Expected?5template?5?$CFs?0?5not?5found?6@ 0000000140004640     makestrs.obj
 0002:00000668       ??_C@_0L@PADEDOAC@INDENT?9OFF@ 0000000140004668     makestrs.obj
 0002:00000678       ??_C@_0M@NPKPKIHK@?1?$CK?5?$CK?$CFs?$CK?5?$CK?1?6@ 0000000140004678     makestrs.obj
 0002:00000688       ??_C@_09GMMLCIDN@INDENT?9ON@ 0000000140004688     makestrs.obj
 0002:00000694       ??_C@_05MGBOLOAG@?$CDfile@ 0000000140004694     makestrs.obj
 0002:0000069c       ??_C@_06GAEPIAIE@?$CDtable@ 000000014000469c     makestrs.obj
 0002:000006a8       ??_C@_07KINJGKHB@?$CDprefix@ 00000001400046a8     makestrs.obj
 0002:000006b0       ??_C@_08LBGEHGML@?$CDfeature@ 00000001400046b0     makestrs.obj
 0002:000006c0       ??_C@_0L@NKECDNAP@?$CDexternref@ 00000001400046c0     makestrs.obj
 0002:000006d0       ??_C@_0L@KPDADFEM@?$CDexterndef@ 00000001400046d0     makestrs.obj
 0002:000006dc       ??_C@_06EKABFLFO@?$CDctmpl@ 00000001400046dc     makestrs.obj
 0002:000006e4       ??_C@_06CAMGKLJN@?$CDhtmpl@ 00000001400046e4     makestrs.obj
 0002:000006ec       ??_C@_06MPNJHECD@?$CDconst@ 00000001400046ec     makestrs.obj
 0002:000006f8       ??_C@_0M@HJNDKFPE@XtStringsR6@ 00000001400046f8     makestrs.obj
 0002:00000708       ??_C@_0M@JDFJBFHF@XtR6Strings@ 0000000140004708     makestrs.obj
 0002:00000718       ??_C@_0BB@FMBPIAED@XtShellStringsR6@ 0000000140004718     makestrs.obj
 0002:00000730       ??_C@_0BB@KNGPDLFM@XtR6ShellStrings@ 0000000140004730     makestrs.obj
 0002:00000744       ??_C@_04HDOCAJNK@?$CFs?$CFs@ 0000000140004744     makestrs.obj
 0002:0000074c       ??_C@_02DIMDPHP@?9f@       000000014000474c     makestrs.obj
 0002:00000750       ??_C@_02IEBECDLA@?9i@      0000000140004750     makestrs.obj
 0002:00000758       ??_C@_09KOHMIKJ@?9sparcabi@ 0000000140004758     makestrs.obj
 0002:00000768       ??_C@_09PDFNDFME@?9intelabi@ 0000000140004768     makestrs.obj
 0002:00000778       ??_C@_0N@HDGBJBDE@?9functionabi@ 0000000140004778     makestrs.obj
 0002:00000788       ??_C@_0L@LJPICGJJ@?9earlyR6bc@ 0000000140004788     makestrs.obj
 0002:00000798       ??_C@_0N@FAGOLBPB@?9arrayperabi@ 0000000140004798     makestrs.obj
 0002:000007a8       ??_C@_0BB@LDNIINEN@?9solarisabinames@ 00000001400047a8     makestrs.obj
 0002:000008a0       _load_config_used          00000001400048a0     MSVCRT:loadcfg.obj
 0002:00000c40       __rtc_iaa                  0000000140004c40     MSVCRT:initsect.obj
 0002:00000c48       __rtc_izz                  0000000140004c48     MSVCRT:initsect.obj
 0002:00000c50       __rtc_taa                  0000000140004c50     MSVCRT:initsect.obj
 0002:00000c58       __rtc_tzz                  0000000140004c58     MSVCRT:initsect.obj
 0002:00000fc0       __IMPORT_DESCRIPTOR_VCRUNTIME140 0000000140004fc0     vcruntime:VCRUNTIME140.dll
 0002:00000fd4       __IMPORT_DESCRIPTOR_api-ms-win-crt-runtime-l1-1-0 0000000140004fd4     ucrt:api-ms-win-crt-runtime-l1-1-0.dll
 0002:00000fe8       __IMPORT_DESCRIPTOR_api-ms-win-crt-heap-l1-1-0 0000000140004fe8     ucrt:api-ms-win-crt-heap-l1-1-0.dll
 0002:00000ffc       __IMPORT_DESCRIPTOR_api-ms-win-crt-stdio-l1-1-0 0000000140004ffc     ucrt:api-ms-win-crt-stdio-l1-1-0.dll
 0002:00001010       __IMPORT_DESCRIPTOR_api-ms-win-crt-string-l1-1-0 0000000140005010     ucrt:api-ms-win-crt-string-l1-1-0.dll
 0002:00001024       __IMPORT_DESCRIPTOR_api-ms-win-crt-math-l1-1-0 0000000140005024     ucrt:api-ms-win-crt-math-l1-1-0.dll
 0002:00001038       __IMPORT_DESCRIPTOR_api-ms-win-crt-locale-l1-1-0 0000000140005038     ucrt:api-ms-win-crt-locale-l1-1-0.dll
 0002:0000104c       __IMPORT_DESCRIPTOR_KERNEL32 000000014000504c     kernel32:KERNEL32.dll
 0002:00001060       __NULL_IMPORT_DESCRIPTOR   0000000140005060     vcruntime:VCRUNTIME140.dll
 0003:00000000       __security_cookie          0000000140006000     MSVCRT:gs_cookie.obj
 0003:00000040       __security_cookie_complement 0000000140006040     MSVCRT:gs_cookie.obj
 0003:00000048       __scrt_native_dllmain_reason 0000000140006048     MSVCRT:utility.obj
 0003:0000004c       __scrt_default_matherr     000000014000604c     MSVCRT:matherr.obj
 0003:00000050       _AtomicsV81Support         0000000140006050     MSVCRT:atomics.obj
 0003:00000054       __scrt_ucrt_dll_is_in_use  0000000140006054     MSVCRT:ucrt_stubs.obj
 0003:00000060       __scrt_current_native_startup_state 0000000140006060     MSVCRT:utility.obj
 0003:00000068       __scrt_native_startup_lock 0000000140006068     MSVCRT:utility.obj
 0003:000000b0       ?__type_info_root_node@@3U__type_info_node@@A 00000001400060b0     MSVCRT:tncleanup.obj
 0003:000000c0       ?_OptionsStorage@?1??__local_stdio_scanf_options@@9@4_KA 00000001400060c0     MSVCRT:default_local_stdio_options.obj
 0003:000000c8       __locateXStateFeature      00000001400060c8     MSVCRT:cpu_disp.obj
 0003:000000d0       __arm64_xstate_features    00000001400060d0     MSVCRT:cpu_disp.obj
 0003:00000130       __dyn_tls_dtor_callback    0000000140006130     <common>
 0003:00000138       __dyn_tls_init_callback    0000000140006138     <common>
 0003:00000140       ?_OptionsStorage@?1??__local_stdio_printf_options@@9@9 0000000140006140     <common>

 entry point at        0001:00001e18

 Static symbols

 0001:000003c0       ifopen                     00000001400013c0 f   makestrs.obj
 0001:000004b0       WriteHeaderProlog          00000001400014b0 f   makestrs.obj
 0001:00000590       IntelABIWriteHeader        0000000140001590 f   makestrs.obj
 0001:00000660       SPARCABIWriteHeader        0000000140001660 f   makestrs.obj
 0001:000006c0       FunctionWriteHeader        00000001400016c0 f   makestrs.obj
 0001:00000790       ArrayperWriteHeader        0000000140001790 f   makestrs.obj
 0001:00000840       DefaultWriteHeader         0000000140001840 f   makestrs.obj
 0001:00000910       IntelABIWriteSource        0000000140001910 f   makestrs.obj
 0001:00000a40       IntelABIBCWriteSource      0000000140001a40 f   makestrs.obj
 0001:00000c30       FunctionWriteSource        0000000140001c30 f   makestrs.obj
 0001:00000d80       ArrayperWriteSource        0000000140001d80 f   makestrs.obj
 0001:00000e70       DefaultWriteSource         0000000140001e70 f   makestrs.obj
 0001:00001b78       ?pre_c_initialization@@YAHXZ 0000000140002b78 f   MSVCRT:exe_main.obj
 0001:00001c30       ?post_pgo_initialization@@YAHXZ 0000000140002c30 f   MSVCRT:exe_main.obj
 0001:00001c50       ?pre_cpp_initialization@@YAXXZ 0000000140002c50 f   MSVCRT:exe_main.obj
 0001:00001c78       ?__scrt_common_main_seh@@YAHXZ 0000000140002c78 f   MSVCRT:exe_main.obj
 0001:00002260       $LN11                      0000000140003260     MSVCRT:gs_support.obj
 0001:00002268       $LN12                      0000000140003268     MSVCRT:gs_support.obj
 0001:000027e4       ?filt$0@?0??__scrt_common_main_seh@@YAHXZ@4HA 00000001400037e4 f   MSVCRT:exe_main.obj
 0001:00002814       __scrt_is_nonwritable_in_current_image$filt$0 0000000140003814 f   MSVCRT:utility.obj
 0002:00000218       ?pre_cpp_initializer@@3P6AXXZEA 0000000140004218     MSVCRT:exe_main.obj
 0002:00000230       ?pre_c_initializer@@3P6AHXZEA 0000000140004230     MSVCRT:exe_main.obj
 0002:00000238       ?post_pgo_initializer@@3P6AHXZEA 0000000140004238     MSVCRT:exe_main.obj
 0002:000007c0       ?const_str@?1??DoLine@@9@9 00000001400047c0     makestrs.obj
 0002:000007c8       ?magic_string@?1??CopyTmplProlog@@9@9 00000001400047c8     makestrs.obj
 0002:000007d0       ?externref_str@?1??DoLine@@9@9 00000001400047d0     makestrs.obj
 0002:000007d8       ?sourceproc@?1??WriteSource@@9@9 00000001400047d8     makestrs.obj
 0002:00000808       ?ctmpl_str@?1??DoLine@@9@9 0000000140004808     makestrs.obj
 0002:00000810       ?file_str@?1??DoLine@@9@9  0000000140004810     makestrs.obj
 0002:00000818       ?htmpl_str@?1??DoLine@@9@9 0000000140004818     makestrs.obj
 0002:00000820       ?prefix_str@?1??DoLine@@9@9 0000000140004820     makestrs.obj
 0002:00000828       ?headerproc@?1??WriteHeader@@9@9 0000000140004828     makestrs.obj
 0002:00000858       ?feature_str@?1??DoLine@@9@9 0000000140004858     makestrs.obj
 0002:00000860       ?externdef_str@?1??DoLine@@9@9 0000000140004860     makestrs.obj
 0002:00000868       abistring                  0000000140004868     makestrs.obj
 0002:00000898       ?table_str@?1??DoLine@@9@9 0000000140004898     makestrs.obj
 0002:00000c60       $unwind$fprintf            0000000140004c60     makestrs.obj
 0002:00000c68       $unwind$printf             0000000140004c68     makestrs.obj
 0002:00000c70       $unwind$sprintf            0000000140004c70     makestrs.obj
 0002:00000c78       $unwind$snprintf           0000000140004c78     makestrs.obj
 0002:00000c84       $unwind$ifopen             0000000140004c84     makestrs.obj
 0002:00000c8c       $unwind$0$ifopen           0000000140004c8c     makestrs.obj
 0002:00000ca0       $unwind$1$ifopen           0000000140004ca0     makestrs.obj
 0002:00000ca0       $unwind$3$ifopen           0000000140004ca0     makestrs.obj
 0002:00000cac       $unwind$2$ifopen           0000000140004cac     makestrs.obj
 0002:00000cc8       $unwind$WriteHeaderProlog  0000000140004cc8     makestrs.obj
 0002:00000cd0       $unwind$0$WriteHeaderProlog 0000000140004cd0     makestrs.obj
 0002:00000ce4       $unwind$1$WriteHeaderProlog 0000000140004ce4     makestrs.obj
 0002:00000cf0       $unwind$IntelABIWriteHeader 0000000140004cf0     makestrs.obj
 0002:00000cf8       $unwind$0$IntelABIWriteHeader 0000000140004cf8     makestrs.obj
 0002:00000d0c       $unwind$1$IntelABIWriteHeader 0000000140004d0c     makestrs.obj
 0002:00000d18       $unwind$0$SPARCABIWriteHeader 0000000140004d18     makestrs.obj
 0002:00000d28       $unwind$DefaultWriteHeader 0000000140004d28     makestrs.obj
 0002:00000d28       $unwind$FunctionWriteHeader 0000000140004d28     makestrs.obj
 0002:00000d30       $unwind$0$DefaultWriteHeader 0000000140004d30     makestrs.obj
 0002:00000d30       $unwind$0$FunctionWriteHeader 0000000140004d30     makestrs.obj
 0002:00000d44       $unwind$1$ArrayperWriteHeader 0000000140004d44     makestrs.obj
 0002:00000d44       $unwind$1$DefaultWriteHeader 0000000140004d44     makestrs.obj
 0002:00000d44       $unwind$1$FunctionWriteHeader 0000000140004d44     makestrs.obj
 0002:00000d50       $unwind$ArrayperWriteHeader 0000000140004d50     makestrs.obj
 0002:00000d58       $unwind$0$ArrayperWriteHeader 0000000140004d58     makestrs.obj
 0002:00000d6c       $unwind$0$IntelABIWriteSource 0000000140004d6c     makestrs.obj
 0002:00000d84       $unwind$0$IntelABIBCWriteSource 0000000140004d84     makestrs.obj
 0002:00000d9c       $unwind$0$FunctionWriteSource 0000000140004d9c     makestrs.obj
 0002:00000db4       $unwind$0$ArrayperWriteSource 0000000140004db4     makestrs.obj
 0002:00000dcc       $unwind$0$DefaultWriteSource 0000000140004dcc     makestrs.obj
 0002:00000de4       $unwind$main               0000000140004de4     makestrs.obj
 0002:00000e14       __security_check_cookie_xdata 0000000140004e14     MSVCRT:arm64secgs.obj
 0002:00000e1c       __security_check_cookie_xdata_prolog 0000000140004e1c     MSVCRT:arm64secgs.obj
 0002:00000e1d       __security_check_cookie_xdata_epilog1 0000000140004e1d     MSVCRT:arm64secgs.obj
 0002:00000e20       __gsfailure_xdata          0000000140004e20     MSVCRT:arm64secgs.obj
 0002:00000e20       __security_check_cookie_xdata_end 0000000140004e20     MSVCRT:arm64secgs.obj
 0002:00000e24       __gsfailure_xdata_prolog   0000000140004e24     MSVCRT:arm64secgs.obj
 0002:00000e28       __gsfailure_xdata_end      0000000140004e28     MSVCRT:arm64secgs.obj
 0002:00000e28       $unwind$?pre_c_initialization@@YAHXZ 0000000140004e28     MSVCRT:exe_main.obj
 0002:00000e38       $unwind$?__scrt_common_main_seh@@YAHXZ 0000000140004e38     MSVCRT:exe_main.obj
 0002:00000e70       $unwind$?filt$0@?0??__scrt_common_main_seh@@YAHXZ@4HA 0000000140004e70     MSVCRT:exe_main.obj
 0002:00000e7c       $unwind$__scrt_is_nonwritable_in_current_image 0000000140004e7c     MSVCRT:utility.obj
 0002:00000e9c       $unwind$__scrt_is_nonwritable_in_current_image$filt$0 0000000140004e9c     MSVCRT:utility.obj
 0002:00000ea8       $unwind$__scrt_acquire_startup_lock 0000000140004ea8     MSVCRT:utility.obj
 0002:00000eb4       $unwind$0$__scrt_acquire_startup_lock 0000000140004eb4     MSVCRT:utility.obj
 0002:00000ec4       $unwind$1$__scrt_acquire_startup_lock 0000000140004ec4     MSVCRT:utility.obj
 0002:00000ed0       $unwind$2$__scrt_acquire_startup_lock 0000000140004ed0     MSVCRT:utility.obj
 0002:00000ee0       $unwind$1$__isa_available_init 0000000140004ee0     MSVCRT:cpu_disp.obj
 0002:00000ee0       $unwind$3$__scrt_acquire_startup_lock 0000000140004ee0     MSVCRT:utility.obj
 0002:00000eec       $unwind$__scrt_initialize_crt 0000000140004eec     MSVCRT:utility.obj
 0002:00000efc       $unwind$__scrt_initialize_onexit_tables 0000000140004efc     MSVCRT:utility.obj
 0002:00000f10       $unwind$__scrt_is_managed_app 0000000140004f10     MSVCRT:utility_desktop.obj
 0002:00000f20       $unwind$__scrt_unhandled_exception_filter 0000000140004f20     MSVCRT:utility_desktop.obj
 0002:00000f30       $unwind$0$_RTC_Initialize  0000000140004f30     MSVCRT:initsect.obj
 0002:00000f30       $unwind$0$_RTC_Terminate   0000000140004f30     MSVCRT:initsect.obj
 0002:00000f40       $unwind$__isa_available_init 0000000140004f40     MSVCRT:cpu_disp.obj
 0002:00000f4c       $unwind$0$__isa_available_init 0000000140004f4c     MSVCRT:cpu_disp.obj
 0002:00000f5c       _InterlockedCompareExchange64_xdata 0000000140004f5c     MSVCRT:atomics.obj
 0002:00000f60       _InterlockedCompareExchange64_xdata_prolog 0000000140004f60     MSVCRT:atomics.obj
 0002:00000f64       _InterlockedCompareExchange64_xdata_end 0000000140004f64     MSVCRT:atomics.obj
 0002:00000f64       _InterlockedExchange64_xdata 0000000140004f64     MSVCRT:atomics.obj
 0002:00000f68       _InterlockedExchange64_xdata_prolog 0000000140004f68     MSVCRT:atomics.obj
 0002:00000f6c       _InterlockedDetectSupportEH_xdata 0000000140004f6c     MSVCRT:atomics.obj
 0002:00000f6c       _InterlockedExchange64_xdata_end 0000000140004f6c     MSVCRT:atomics.obj
 0002:00000f70       _InterlockedDetectSupportEH_xdata_prolog 0000000140004f70     MSVCRT:atomics.obj
 0002:00000f74       _InterlockedDetectSupportEH_xdata_end 0000000140004f74     MSVCRT:atomics.obj
 0002:00000f74       _InterlockedDetectSupport_xdata 0000000140004f74     MSVCRT:atomics.obj
 0002:00000f78       _InterlockedDetectSupport_xdata_prolog 0000000140004f78     MSVCRT:atomics.obj
 0002:00000f7c       _InterlockedDetectSupport_xdata_end 0000000140004f7c     MSVCRT:atomics.obj
 0002:00000f84       _guard_dispatch_icall_nop_xdata 0000000140004f84     MSVCRT:guard_dispatch.obj
 0002:00000f88       _guard_dispatch_icall_nop_xdata_prolog 0000000140004f88     MSVCRT:guard_dispatch.obj
 0002:00000f8c       __chkstk_xdata             0000000140004f8c     MSVCRT:chkstk.obj
 0002:00000f8c       _guard_dispatch_icall_nop_xdata_end 0000000140004f8c     MSVCRT:guard_dispatch.obj
 0002:00000f90       __chkstk_xdata_prolog      0000000140004f90     MSVCRT:chkstk.obj
 0002:00000f94       __chkstk_xdata_end         0000000140004f94     MSVCRT:chkstk.obj
 0002:00000f94       __security_push_cookie_xdata 0000000140004f94     MSVCRT:secpushpop.obj
 0002:00000f9c       __security_push_cookie_xdata_prolog 0000000140004f9c     MSVCRT:secpushpop.obj
 0002:00000f9e       __security_push_cookie_xdata_epilog1 0000000140004f9e     MSVCRT:secpushpop.obj
 0002:00000fa0       __security_pop_cookie_xdata 0000000140004fa0     MSVCRT:secpushpop.obj
 0002:00000fa0       __security_push_cookie_xdata_end 0000000140004fa0     MSVCRT:secpushpop.obj
 0002:00000fa8       __security_pop_cookie_xdata_prolog 0000000140004fa8     MSVCRT:secpushpop.obj
 0002:00000fa9       __security_pop_cookie_xdata_epilog1 0000000140004fa9     MSVCRT:secpushpop.obj
 0002:00000fb0       __ppgsfailure_xdata        0000000140004fb0     MSVCRT:secpushpop.obj
 0002:00000fb0       __security_pop_cookie_xdata_end 0000000140004fb0     MSVCRT:secpushpop.obj
 0002:00000fb8       __ppgsfailure_xdata_prolog 0000000140004fb8     MSVCRT:secpushpop.obj
 0002:00000fbb       __ppgsfailure_xdata_epilog1 0000000140004fbb     MSVCRT:secpushpop.obj
 0002:00000fc0       __ppgsfailure_xdata_end    0000000140004fc0     MSVCRT:secpushpop.obj
 0002:000012be       .idata$6                   00000001400052be     vcruntime:VCRUNTIME140.dll
 0002:00001510       .idata$6                   0000000140005510     ucrt:api-ms-win-crt-runtime-l1-1-0.dll
 0002:00001532       .idata$6                   0000000140005532     ucrt:api-ms-win-crt-heap-l1-1-0.dll
 0002:00001552       .idata$6                   0000000140005552     ucrt:api-ms-win-crt-stdio-l1-1-0.dll
 0002:00001572       .idata$6                   0000000140005572     ucrt:api-ms-win-crt-string-l1-1-0.dll
 0002:00001594       .idata$6                   0000000140005594     ucrt:api-ms-win-crt-math-l1-1-0.dll
 0002:000015b4       .idata$6                   00000001400055b4     ucrt:api-ms-win-crt-locale-l1-1-0.dll
 0002:000016b0       .idata$6                   00000001400056b0     kernel32:KERNEL32.dll
 0003:00000058       filetail                   0000000140006058     makestrs.obj
 0003:00000064       ?is_initialized_as_dll@@3_NA 0000000140006064     MSVCRT:utility.obj
 0003:00000070       ?module_local_atexit_table@@3U_onexit_table_t@@A 0000000140006070     MSVCRT:utility.obj
 0003:00000088       ?module_local_at_quick_exit_table@@3U_onexit_table_t@@A 0000000140006088     MSVCRT:utility.obj
 0003:000000a0       ?module_local_atexit_table_initialized@@3_NA 00000001400060a0     MSVCRT:utility.obj
 0003:000000d8       fileprotstr                00000001400060d8     makestrs.obj
 0003:000000e0       externrefstr               00000001400060e0     makestrs.obj
 0003:000000e8       externdefstr               00000001400060e8     makestrs.obj
 0003:000000f0       file                       00000001400060f0     makestrs.obj
 0003:000000f8       conststr                   00000001400060f8     makestrs.obj
 0003:00000100       ?done_atom@?1??ArrayperWriteSource@@9@9 0000000140006100     makestrs.obj
 0003:00000104       solaris_abi_names          0000000140006104     makestrs.obj
 0003:00000108       includedir                 0000000140006108     makestrs.obj
 0003:00000110       ctmplstr                   0000000140006110     makestrs.obj
 0003:00000118       prefixstr                  0000000140006118     makestrs.obj
 0003:00000120       filecurrent                0000000140006120     makestrs.obj
 0003:00000128       featurestr                 0000000140006128     makestrs.obj
